  FAIL   Run 'kepler_51_b_NS_exorings_kde_delta-T14-rho_obs_nlive1200_dlogz0.01_NKDE5000_seed2026_rhoFREE_bFREE_P1' not found in scoring_kepler_51_?.json. Run score_retrievals.py or use --no-prefix
  FAIL   Run 'kepler_51_b_NS_exorings_kde_delta-T14-rho_obs_nlive1200_dlogz0.01_NKDE5000_seed2026_rhoFREE_bFREE_P2' not found in scoring_kepler_51_?.json. Run score_retrievals.py or use --no-prefix
  FAIL   Run 'kepler_51_b_NS_exorings_kde_delta-T14-rho_obs_nlive1200_dlogz0.01_NKDE5000_seed2026_rhoFREE_bFREE_P3' not found in scoring_kepler_51_?.json. Run score_retrievals.py or use --no-prefix
Generating ['corner', 'ppc', 'reduced'] for 130 run(s)
  output: <npz_dir>/figures/{case}_{planet}_{ORDKEY}-{tag}_corner|_corner_reduced|_ppc

[001/130] kepler_51_b_NS_exorings_kde_delta-T14-T23-rho_obs_nlive1200_dlogz0.01_NKDE5000_seed2026_rhoFREE_bFREE_tauFREE_pFREE.npz
  Skipped (figures already exist)

[002/130] kepler_51_b_NS_exorings_kde_delta-T14-T23_nlive1200_dlogz0.01_NKDE5000_seed2026_bFREE.npz
  Skipped (figures already exist)

[003/130] kepler_51_b_NS_exorings_kde_delta-T14-T23_nlive1200_dlogz0.01_NKDE5000_seed2026_rhoFREE.npz
  Skipped (figures already exist)

[004/130] kepler_51_b_NS_exorings_kde_delta-T14-T23_nlive1200_dlogz0.01_NKDE5000_seed2026_rhoFREE_bFREE.npz
  Skipped (figures already exist)

[005/130] kepler_51_b_NS_exorings_kde_delta-T14-T23_nlive1200_dlogz0.01_NKDE5000_seed2026_rhoFREE_bFREE_pFREE.npz
  Skipped (figures already exist)

[006/130] kepler_51_b_NS_exorings_kde_delta-T14-T23_nlive1200_dlogz0.01_NKDE5000_seed2026_rhoFREE_bFREE_tauFREE.npz
  Skipped (figures already exist)

[007/130] kepler_51_b_NS_exorings_kde_delta-T14-T23_nlive1200_dlogz0.01_NKDE5000_seed2026_rhoFREE_bFREE_tauFREE_pFREE.npz
  Skipped (figures already exist)

[008/130] kepler_51_b_NS_exorings_kde_delta-T14-T23_nlive1200_dlogz0.01_NKDE5000_seed2026_rhoFREE_tauFREE.npz
  Skipped (figures already exist)

[009/130] kepler_51_b_NS_exorings_kde_delta-T14-T23_nlive1200_dlogz0.01_NKDE5000_seed2026_rhoFREE_tauFREE_pFREE.npz
  Skipped (figures already exist)

[010/130] kepler_51_b_NS_exorings_kde_delta-T14-rho_obs_nlive1200_dlogz0.01_NKDE5000_seed2026_bFREE.npz
  Skipped (figures already exist)

[011/130] kepler_51_b_NS_exorings_kde_delta-T14-rho_obs_nlive1200_dlogz0.01_NKDE5000_seed2026_rhoFREE.npz
  Skipped (figures already exist)

[012/130] kepler_51_b_NS_exorings_kde_delta-T14-rho_obs_nlive1200_dlogz0.01_NKDE5000_seed2026_rhoFREE_bFREE.npz
  Skipped (figures already exist)

[013/130] kepler_51_b_NS_exorings_kde_delta-T14-rho_obs_nlive1200_dlogz0.01_NKDE5000_seed2026_rhoFREE_bFREE_P1.npz

[014/130] kepler_51_b_NS_exorings_kde_delta-T14-rho_obs_nlive1200_dlogz0.01_NKDE5000_seed2026_rhoFREE_bFREE_P1_T1.npz
  Skipped (figures already exist)

[015/130] kepler_51_b_NS_exorings_kde_delta-T14-rho_obs_nlive1200_dlogz0.01_NKDE5000_seed2026_rhoFREE_bFREE_P1_T2.npz
  Skipped (figures already exist)

[016/130] kepler_51_b_NS_exorings_kde_delta-T14-rho_obs_nlive1200_dlogz0.01_NKDE5000_seed2026_rhoFREE_bFREE_P1_T3.npz
  Skipped (figures already exist)

[017/130] kepler_51_b_NS_exorings_kde_delta-T14-rho_obs_nlive1200_dlogz0.01_NKDE5000_seed2026_rhoFREE_bFREE_P2.npz

[018/130] kepler_51_b_NS_exorings_kde_delta-T14-rho_obs_nlive1200_dlogz0.01_NKDE5000_seed2026_rhoFREE_bFREE_P2_T1.npz
  Skipped (figures already exist)

[019/130] kepler_51_b_NS_exorings_kde_delta-T14-rho_obs_nlive1200_dlogz0.01_NKDE5000_seed2026_rhoFREE_bFREE_P2_T2.npz
  Skipped (figures already exist)

[020/130] kepler_51_b_NS_exorings_kde_delta-T14-rho_obs_nlive1200_dlogz0.01_NKDE5000_seed2026_rhoFREE_bFREE_P2_T3.npz
  Skipped (figures already exist)

[021/130] kepler_51_b_NS_exorings_kde_delta-T14-rho_obs_nlive1200_dlogz0.01_NKDE5000_seed2026_rhoFREE_bFREE_P3.npz

[022/130] kepler_51_b_NS_exorings_kde_delta-T14-rho_obs_nlive1200_dlogz0.01_NKDE5000_seed2026_rhoFREE_bFREE_P3_T1.npz
  Skipped (figures already exist)

[023/130] kepler_51_b_NS_exorings_kde_delta-T14-rho_obs_nlive1200_dlogz0.01_NKDE5000_seed2026_rhoFREE_bFREE_P3_T2.npz
  Skipped (figures already exist)

[024/130] kepler_51_b_NS_exorings_kde_delta-T14-rho_obs_nlive1200_dlogz0.01_NKDE5000_seed2026_rhoFREE_bFREE_P3_T3.npz
  Skipped (figures already exist)

[025/130] kepler_51_b_NS_exorings_kde_delta-T14-rho_obs_nlive1200_dlogz0.01_NKDE5000_seed2026_rhoFREE_bFREE_P4_T1.npz
  Skipped (figures already exist)

[026/130] kepler_51_b_NS_exorings_kde_delta-T14-rho_obs_nlive1200_dlogz0.01_NKDE5000_seed2026_rhoFREE_bFREE_P4_T2.npz
  Skipped (figures already exist)

[027/130] kepler_51_b_NS_exorings_kde_delta-T14-rho_obs_nlive1200_dlogz0.01_NKDE5000_seed2026_rhoFREE_bFREE_P4_T3.npz
  Skipped (figures already exist)

[028/130] kepler_51_b_NS_exorings_kde_delta-T14-rho_obs_nlive1200_dlogz0.01_NKDE5000_seed2026_rhoFREE_bFREE_P5_T1.npz
  Skipped (figures already exist)

[029/130] kepler_51_b_NS_exorings_kde_delta-T14-rho_obs_nlive1200_dlogz0.01_NKDE5000_seed2026_rhoFREE_bFREE_P5_T2.npz
  Skipped (figures already exist)

[030/130] kepler_51_b_NS_exorings_kde_delta-T14-rho_obs_nlive1200_dlogz0.01_NKDE5000_seed2026_rhoFREE_bFREE_P5_T3.npz
  Skipped (figures already exist)

[031/130] kepler_51_b_NS_exorings_kde_delta-T14-rho_obs_nlive1200_dlogz0.01_NKDE5000_seed2026_rhoFREE_bFREE_P6_T2.npz
  Skipped (figures already exist)

[032/130] kepler_51_b_NS_exorings_kde_delta-T14-rho_obs_nlive1200_dlogz0.01_NKDE5000_seed2026_rhoFREE_bFREE_P6_T3.npz
  Skipped (figures already exist)

[033/130] kepler_51_b_NS_exorings_kde_delta-T14-rho_obs_nlive1200_dlogz0.01_NKDE5000_seed2026_rhoFREE_bFREE_P7_T1.npz
  Skipped (figures already exist)

[034/130] kepler_51_b_NS_exorings_kde_delta-T14-rho_obs_nlive1200_dlogz0.01_NKDE5000_seed2026_rhoFREE_bFREE_P7_T2.npz
  Skipped (figures already exist)

[035/130] kepler_51_b_NS_exorings_kde_delta-T14-rho_obs_nlive1200_dlogz0.01_NKDE5000_seed2026_rhoFREE_bFREE_P7_T3.npz
  Skipped (figures already exist)

[036/130] kepler_51_b_NS_exorings_kde_delta-T14-rho_obs_nlive1200_dlogz0.01_NKDE5000_seed2026_rhoFREE_bFREE_P8_T1.npz
  Skipped (figures already exist)

[037/130] kepler_51_b_NS_exorings_kde_delta-T14-rho_obs_nlive1200_dlogz0.01_NKDE5000_seed2026_rhoFREE_bFREE_P8_T2.npz
  Skipped (figures already exist)

[038/130] kepler_51_b_NS_exorings_kde_delta-T14-rho_obs_nlive1200_dlogz0.01_NKDE5000_seed2026_rhoFREE_bFREE_P8_T3.npz
  Skipped (figures already exist)

[039/130] kepler_51_b_NS_exorings_kde_delta-T14-rho_obs_nlive1200_dlogz0.01_NKDE5000_seed2026_rhoFREE_bFREE_P9_T1.npz
  Skipped (figures already exist)

[040/130] kepler_51_b_NS_exorings_kde_delta-T14-rho_obs_nlive1200_dlogz0.01_NKDE5000_seed2026_rhoFREE_bFREE_P9_T2.npz
  Skipped (figures already exist)

[041/130] kepler_51_b_NS_exorings_kde_delta-T14-rho_obs_nlive1200_dlogz0.01_NKDE5000_seed2026_rhoFREE_bFREE_P9_T3.npz
  Skipped (figures already exist)

[042/130] kepler_51_b_NS_exorings_kde_delta-T14-rho_obs_nlive1200_dlogz0.01_NKDE5000_seed2026_rhoFREE_bFREE_pFREE.npz
  Skipped (figures already exist)

[043/130] kepler_51_b_NS_exorings_kde_delta-T14-rho_obs_nlive1200_dlogz0.01_NKDE5000_seed2026_rhoFREE_bFREE_tauFREE.npz
  Skipped (figures already exist)

[044/130] kepler_51_b_NS_exorings_kde_delta-T14-rho_obs_nlive1200_dlogz0.01_NKDE5000_seed2026_rhoFREE_bFREE_tauFREE_pFREE.npz
  Skipped (figures already exist)

[045/130] kepler_51_b_NS_exorings_kde_delta-T14-rho_obs_nlive1200_dlogz0.01_NKDE5000_seed2026_rhoFREE_pFREE.npz
  Skipped (figures already exist)

[046/130] kepler_51_b_NS_exorings_kde_delta-T14-rho_obs_nlive1200_dlogz0.01_NKDE5000_seed2026_rhoFREE_tauFREE.npz
  Skipped (figures already exist)

[047/130] kepler_51_b_NS_exorings_kde_delta-T14-rho_obs_nlive1200_dlogz0.01_NKDE5000_seed2026_rhoFREE_tauFREE_pFREE.npz
  Skipped (figures already exist)

[048/130] kepler_51_b_NS_exorings_kde_delta-rho_obs_nlive1200_dlogz0.01_NKDE5000_seed2026.npz
  Skipped (figures already exist)

[049/130] kepler_51_b_NS_exorings_kde_delta-rho_obs_nlive1200_dlogz0.01_NKDE5000_seed2026_bFREE.npz
  Skipped (figures already exist)

[050/130] kepler_51_b_NS_exorings_kde_delta-rho_obs_nlive1200_dlogz0.01_NKDE5000_seed2026_bFREE_pFREE.npz
  Skipped (figures already exist)

[051/130] kepler_51_b_NS_exorings_kde_delta-rho_obs_nlive1200_dlogz0.01_NKDE5000_seed2026_bFREE_tauFREE.npz
  Skipped (figures already exist)

[052/130] kepler_51_b_NS_exorings_kde_delta-rho_obs_nlive1200_dlogz0.01_NKDE5000_seed2026_bFREE_tauFREE_pFREE.npz
  Skipped (figures already exist)

[053/130] kepler_51_b_NS_exorings_kde_delta-rho_obs_nlive1200_dlogz0.01_NKDE5000_seed2026_pFREE.npz
  Skipped (figures already exist)

[054/130] kepler_51_b_NS_exorings_kde_delta-rho_obs_nlive1200_dlogz0.01_NKDE5000_seed2026_rhoFREE.npz
  Skipped (figures already exist)

[055/130] kepler_51_b_NS_exorings_kde_delta-rho_obs_nlive1200_dlogz0.01_NKDE5000_seed2026_rhoFREE_bFREE.npz
  Skipped (figures already exist)

[056/130] kepler_51_b_NS_exorings_kde_delta-rho_obs_nlive1200_dlogz0.01_NKDE5000_seed2026_rhoFREE_bFREE_pFREE.npz
  Skipped (figures already exist)

[057/130] kepler_51_b_NS_exorings_kde_delta-rho_obs_nlive1200_dlogz0.01_NKDE5000_seed2026_rhoFREE_bFREE_tauFREE.npz
  Skipped (figures already exist)

[058/130] kepler_51_b_NS_exorings_kde_delta-rho_obs_nlive1200_dlogz0.01_NKDE5000_seed2026_rhoFREE_bFREE_tauFREE_pFREE.npz
  Skipped (figures already exist)

[059/130] kepler_51_b_NS_exorings_kde_delta-rho_obs_nlive1200_dlogz0.01_NKDE5000_seed2026_rhoFREE_pFREE.npz
  Skipped (figures already exist)

[060/130] kepler_51_b_NS_exorings_kde_delta-rho_obs_nlive1200_dlogz0.01_NKDE5000_seed2026_rhoFREE_tauFREE.npz
  Skipped (figures already exist)

[061/130] kepler_51_b_NS_exorings_kde_delta-rho_obs_nlive1200_dlogz0.01_NKDE5000_seed2026_rhoFREE_tauFREE_pFREE.npz
  Skipped (figures already exist)

[062/130] kepler_51_b_NS_exorings_kde_delta-rho_obs_nlive1200_dlogz0.01_NKDE5000_seed2026_tauFREE.npz
  Skipped (figures already exist)

[063/130] kepler_51_b_NS_exorings_kde_delta-rho_obs_nlive1200_dlogz0.01_NKDE5000_seed2026_tauFREE_pFREE.npz
  Skipped (figures already exist)

[064/130] kepler_51_d_NS_exorings_kde_delta-T14-T23-rho_obs_nlive1200_dlogz0.01_NKDE5000_seed2026_rhoFREE_bFREE_tauFREE_pFREE.npz
  Skipped (figures already exist)

[065/130] kepler_51_d_NS_exorings_kde_delta-T14-T23_nlive1200_dlogz0.01_NKDE5000_seed2026_bFREE.npz
  Skipped (figures already exist)

[066/130] kepler_51_d_NS_exorings_kde_delta-T14-T23_nlive1200_dlogz0.01_NKDE5000_seed2026_bFREE_pFREE.npz
  Skipped (figures already exist)

[067/130] kepler_51_d_NS_exorings_kde_delta-T14-T23_nlive1200_dlogz0.01_NKDE5000_seed2026_bFREE_tauFREE.npz
  Skipped (figures already exist)

[068/130] kepler_51_d_NS_exorings_kde_delta-T14-T23_nlive1200_dlogz0.01_NKDE5000_seed2026_bFREE_tauFREE_pFREE.npz
  Skipped (figures already exist)

[069/130] kepler_51_d_NS_exorings_kde_delta-T14-T23_nlive1200_dlogz0.01_NKDE5000_seed2026_rhoFREE.npz
  Skipped (figures already exist)

[070/130] kepler_51_d_NS_exorings_kde_delta-T14-T23_nlive1200_dlogz0.01_NKDE5000_seed2026_rhoFREE_bFREE.npz
  Skipped (figures already exist)

[071/130] kepler_51_d_NS_exorings_kde_delta-T14-T23_nlive1200_dlogz0.01_NKDE5000_seed2026_rhoFREE_bFREE_pFREE.npz
  Skipped (figures already exist)

[072/130] kepler_51_d_NS_exorings_kde_delta-T14-T23_nlive1200_dlogz0.01_NKDE5000_seed2026_rhoFREE_bFREE_tauFREE.npz
  Skipped (figures already exist)

[073/130] kepler_51_d_NS_exorings_kde_delta-T14-T23_nlive1200_dlogz0.01_NKDE5000_seed2026_rhoFREE_bFREE_tauFREE_pFREE.npz
  Skipped (figures already exist)

[074/130] kepler_51_d_NS_exorings_kde_delta-T14-T23_nlive1200_dlogz0.01_NKDE5000_seed2026_rhoFREE_pFREE.npz
  Skipped (figures already exist)

[075/130] kepler_51_d_NS_exorings_kde_delta-T14-T23_nlive1200_dlogz0.01_NKDE5000_seed2026_rhoFREE_tauFREE.npz
  Skipped (figures already exist)

[076/130] kepler_51_d_NS_exorings_kde_delta-T14-T23_nlive1200_dlogz0.01_NKDE5000_seed2026_rhoFREE_tauFREE_pFREE.npz
  Skipped (figures already exist)

[077/130] kepler_51_d_NS_exorings_kde_delta-T14-rho_obs_nlive1200_dlogz0.01_NKDE5000_seed2026_bFREE.npz
  Skipped (figures already exist)

[078/130] kepler_51_d_NS_exorings_kde_delta-T14-rho_obs_nlive1200_dlogz0.01_NKDE5000_seed2026_bFREE_pFREE.npz
  Skipped (figures already exist)

[079/130] kepler_51_d_NS_exorings_kde_delta-T14-rho_obs_nlive1200_dlogz0.01_NKDE5000_seed2026_bFREE_tauFREE.npz
  Skipped (figures already exist)

[080/130] kepler_51_d_NS_exorings_kde_delta-T14-rho_obs_nlive1200_dlogz0.01_NKDE5000_seed2026_bFREE_tauFREE_pFREE.npz
  Skipped (figures already exist)

[081/130] kepler_51_d_NS_exorings_kde_delta-T14-rho_obs_nlive1200_dlogz0.01_NKDE5000_seed2026_rhoFREE.npz
  Skipped (figures already exist)

[082/130] kepler_51_d_NS_exorings_kde_delta-T14-rho_obs_nlive1200_dlogz0.01_NKDE5000_seed2026_rhoFREE_bFREE.npz
  Skipped (figures already exist)

[083/130] kepler_51_d_NS_exorings_kde_delta-T14-rho_obs_nlive1200_dlogz0.01_NKDE5000_seed2026_rhoFREE_bFREE_P1_T1.npz
  Skipped (figures already exist)

[084/130] kepler_51_d_NS_exorings_kde_delta-T14-rho_obs_nlive1200_dlogz0.01_NKDE5000_seed2026_rhoFREE_bFREE_P1_T2.npz
  Skipped (figures already exist)

[085/130] kepler_51_d_NS_exorings_kde_delta-T14-rho_obs_nlive1200_dlogz0.01_NKDE5000_seed2026_rhoFREE_bFREE_P1_T3.npz
  Skipped (figures already exist)

[086/130] kepler_51_d_NS_exorings_kde_delta-T14-rho_obs_nlive1200_dlogz0.01_NKDE5000_seed2026_rhoFREE_bFREE_P2_T1.npz
  Skipped (figures already exist)

[087/130] kepler_51_d_NS_exorings_kde_delta-T14-rho_obs_nlive1200_dlogz0.01_NKDE5000_seed2026_rhoFREE_bFREE_P2_T2.npz
  Skipped (figures already exist)

[088/130] kepler_51_d_NS_exorings_kde_delta-T14-rho_obs_nlive1200_dlogz0.01_NKDE5000_seed2026_rhoFREE_bFREE_P2_T3.npz
  Skipped (figures already exist)

[089/130] kepler_51_d_NS_exorings_kde_delta-T14-rho_obs_nlive1200_dlogz0.01_NKDE5000_seed2026_rhoFREE_bFREE_P3_T1.npz
  Skipped (figures already exist)

[090/130] kepler_51_d_NS_exorings_kde_delta-T14-rho_obs_nlive1200_dlogz0.01_NKDE5000_seed2026_rhoFREE_bFREE_P3_T2.npz
  Skipped (figures already exist)

[091/130] kepler_51_d_NS_exorings_kde_delta-T14-rho_obs_nlive1200_dlogz0.01_NKDE5000_seed2026_rhoFREE_bFREE_P3_T3.npz
  Skipped (figures already exist)

[092/130] kepler_51_d_NS_exorings_kde_delta-T14-rho_obs_nlive1200_dlogz0.01_NKDE5000_seed2026_rhoFREE_bFREE_P4_T1.npz
  Skipped (figures already exist)

[093/130] kepler_51_d_NS_exorings_kde_delta-T14-rho_obs_nlive1200_dlogz0.01_NKDE5000_seed2026_rhoFREE_bFREE_P4_T2.npz
  Skipped (figures already exist)

[094/130] kepler_51_d_NS_exorings_kde_delta-T14-rho_obs_nlive1200_dlogz0.01_NKDE5000_seed2026_rhoFREE_bFREE_P4_T3.npz
  Skipped (figures already exist)

[095/130] kepler_51_d_NS_exorings_kde_delta-T14-rho_obs_nlive1200_dlogz0.01_NKDE5000_seed2026_rhoFREE_bFREE_P5_T1.npz
  Skipped (figures already exist)

[096/130] kepler_51_d_NS_exorings_kde_delta-T14-rho_obs_nlive1200_dlogz0.01_NKDE5000_seed2026_rhoFREE_bFREE_P5_T3.npz
  Skipped (figures already exist)

[097/130] kepler_51_d_NS_exorings_kde_delta-T14-rho_obs_nlive1200_dlogz0.01_NKDE5000_seed2026_rhoFREE_bFREE_P6_T1.npz
  Skipped (figures already exist)

[098/130] kepler_51_d_NS_exorings_kde_delta-T14-rho_obs_nlive1200_dlogz0.01_NKDE5000_seed2026_rhoFREE_bFREE_P6_T2.npz
  Skipped (figures already exist)

[099/130] kepler_51_d_NS_exorings_kde_delta-T14-rho_obs_nlive1200_dlogz0.01_NKDE5000_seed2026_rhoFREE_bFREE_P6_T3.npz
  Skipped (figures already exist)

[100/130] kepler_51_d_NS_exorings_kde_delta-T14-rho_obs_nlive1200_dlogz0.01_NKDE5000_seed2026_rhoFREE_bFREE_P7_T1.npz
  Skipped (figures already exist)

[101/130] kepler_51_d_NS_exorings_kde_delta-T14-rho_obs_nlive1200_dlogz0.01_NKDE5000_seed2026_rhoFREE_bFREE_P7_T2.npz
  Skipped (figures already exist)

[102/130] kepler_51_d_NS_exorings_kde_delta-T14-rho_obs_nlive1200_dlogz0.01_NKDE5000_seed2026_rhoFREE_bFREE_P7_T3.npz
  Skipped (figures already exist)

[103/130] kepler_51_d_NS_exorings_kde_delta-T14-rho_obs_nlive1200_dlogz0.01_NKDE5000_seed2026_rhoFREE_bFREE_P8_T1.npz
  Skipped (figures already exist)

[104/130] kepler_51_d_NS_exorings_kde_delta-T14-rho_obs_nlive1200_dlogz0.01_NKDE5000_seed2026_rhoFREE_bFREE_P8_T2.npz
  Skipped (figures already exist)

[105/130] kepler_51_d_NS_exorings_kde_delta-T14-rho_obs_nlive1200_dlogz0.01_NKDE5000_seed2026_rhoFREE_bFREE_P8_T3.npz
  Skipped (figures already exist)

[106/130] kepler_51_d_NS_exorings_kde_delta-T14-rho_obs_nlive1200_dlogz0.01_NKDE5000_seed2026_rhoFREE_bFREE_P9_T1.npz
  Skipped (figures already exist)

[107/130] kepler_51_d_NS_exorings_kde_delta-T14-rho_obs_nlive1200_dlogz0.01_NKDE5000_seed2026_rhoFREE_bFREE_P9_T2.npz
  Skipped (figures already exist)

[108/130] kepler_51_d_NS_exorings_kde_delta-T14-rho_obs_nlive1200_dlogz0.01_NKDE5000_seed2026_rhoFREE_bFREE_P9_T3.npz
  Skipped (figures already exist)

[109/130] kepler_51_d_NS_exorings_kde_delta-T14-rho_obs_nlive1200_dlogz0.01_NKDE5000_seed2026_rhoFREE_bFREE_pFREE.npz
  Skipped (figures already exist)

[110/130] kepler_51_d_NS_exorings_kde_delta-T14-rho_obs_nlive1200_dlogz0.01_NKDE5000_seed2026_rhoFREE_bFREE_tauFREE.npz
  Skipped (figures already exist)

[111/130] kepler_51_d_NS_exorings_kde_delta-T14-rho_obs_nlive1200_dlogz0.01_NKDE5000_seed2026_rhoFREE_bFREE_tauFREE_pFREE.npz
  Skipped (figures already exist)

[112/130] kepler_51_d_NS_exorings_kde_delta-T14-rho_obs_nlive1200_dlogz0.01_NKDE5000_seed2026_rhoFREE_pFREE.npz
  Skipped (figures already exist)

[113/130] kepler_51_d_NS_exorings_kde_delta-T14-rho_obs_nlive1200_dlogz0.01_NKDE5000_seed2026_rhoFREE_tauFREE.npz
  Skipped (figures already exist)

[114/130] kepler_51_d_NS_exorings_kde_delta-T14-rho_obs_nlive1200_dlogz0.01_NKDE5000_seed2026_rhoFREE_tauFREE_pFREE.npz
  Skipped (figures already exist)

[115/130] kepler_51_d_NS_exorings_kde_delta-rho_obs_nlive1200_dlogz0.01_NKDE5000_seed2026.npz
  Skipped (figures already exist)

[116/130] kepler_51_d_NS_exorings_kde_delta-rho_obs_nlive1200_dlogz0.01_NKDE5000_seed2026_bFREE.npz
  Skipped (figures already exist)

[117/130] kepler_51_d_NS_exorings_kde_delta-rho_obs_nlive1200_dlogz0.01_NKDE5000_seed2026_bFREE_pFREE.npz
  Skipped (figures already exist)

[118/130] kepler_51_d_NS_exorings_kde_delta-rho_obs_nlive1200_dlogz0.01_NKDE5000_seed2026_bFREE_tauFREE.npz
  Skipped (figures already exist)

[119/130] kepler_51_d_NS_exorings_kde_delta-rho_obs_nlive1200_dlogz0.01_NKDE5000_seed2026_bFREE_tauFREE_pFREE.npz
  Skipped (figures already exist)

[120/130] kepler_51_d_NS_exorings_kde_delta-rho_obs_nlive1200_dlogz0.01_NKDE5000_seed2026_pFREE.npz
  Skipped (figures already exist)

[121/130] kepler_51_d_NS_exorings_kde_delta-rho_obs_nlive1200_dlogz0.01_NKDE5000_seed2026_rhoFREE.npz
  Skipped (figures already exist)

[122/130] kepler_51_d_NS_exorings_kde_delta-rho_obs_nlive1200_dlogz0.01_NKDE5000_seed2026_rhoFREE_bFREE.npz
  Skipped (figures already exist)

[123/130] kepler_51_d_NS_exorings_kde_delta-rho_obs_nlive1200_dlogz0.01_NKDE5000_seed2026_rhoFREE_bFREE_pFREE.npz
  Skipped (figures already exist)

[124/130] kepler_51_d_NS_exorings_kde_delta-rho_obs_nlive1200_dlogz0.01_NKDE5000_seed2026_rhoFREE_bFREE_tauFREE.npz
  Skipped (figures already exist)

[125/130] kepler_51_d_NS_exorings_kde_delta-rho_obs_nlive1200_dlogz0.01_NKDE5000_seed2026_rhoFREE_bFREE_tauFREE_pFREE.npz
  Skipped (figures already exist)

[126/130] kepler_51_d_NS_exorings_kde_delta-rho_obs_nlive1200_dlogz0.01_NKDE5000_seed2026_rhoFREE_pFREE.npz
  Skipped (figures already exist)

[127/130] kepler_51_d_NS_exorings_kde_delta-rho_obs_nlive1200_dlogz0.01_NKDE5000_seed2026_rhoFREE_tauFREE.npz
  Skipped (figures already exist)

[128/130] kepler_51_d_NS_exorings_kde_delta-rho_obs_nlive1200_dlogz0.01_NKDE5000_seed2026_rhoFREE_tauFREE_pFREE.npz
  Skipped (figures already exist)

[129/130] kepler_51_d_NS_exorings_kde_delta-rho_obs_nlive1200_dlogz0.01_NKDE5000_seed2026_tauFREE.npz
  Skipped (figures already exist)

[130/130] kepler_51_d_NS_exorings_kde_delta-rho_obs_nlive1200_dlogz0.01_NKDE5000_seed2026_tauFREE_pFREE.npz
  Skipped (figures already exist)

Done: 127 ok, 3 failed, 130 total.
